npm error Missing script: "test"
npm error
npm error To see a list of scripts, run:
npm error   npm run
npm error A complete log of this run can be found in: /home/jules/.npm/_logs/2025-10-14T03_26_14_241Z-debug-0.log
